🤠 posse 14:05:09 · VVVVV+test · 5h 42% · 7d 61%       gov …

SESSIONS (4)
▸ ⛔ 🧛 blocked  devops-posse-rangerhq-h3n 🎭devops
  ⚡ 🐿️ working  developer-posse-rangerhq-fei 🎭developer
  ○ 🙂 idle     business-manager-posse 🎭business-manager@g…
  · 📓 shell    notes 👤

IN PROGRESS (4)
  rangerhq-h3n   p2 blocked    1d  herdr: codex detection o…
  rangerhq-9q2   p2 no session 12m verify: dispatch honours…
  rangerhq-a1a   p2 idle       3h  onboarding: PID doc pass
  rangerhq-fei   p2 working    4m  cockpit v2 (a): row mode…

READY WORK (10)
  rangerhq-x00   p0 cockpit v2 (b): IN PROGRESS section — B…
  ↓ 9 more
dispatched rangerhq-fei → developer-rangerhq-fei
today $4.50 of $20 budget_day (22%) api-equiv (counted runt…
enter focus · p prompt · v peek · o crew/fleet · x kill · t…